Initialized native services in: C:\Users\steve\.gradle\native
Initialized jansi services in: C:\Users\steve\.gradle\native
The client will now receive all logging from the daemon (pid: 35820). The daemon log file: C:\Users\steve\.gradle\daemon\8.13\daemon-35820.out.log
Starting 2nd build in daemon [uptime: 5 mins 56.353 secs, performance: 100%, GC rate: 0.00/s, heap usage: 0% of 2 GiB, non-heap usage: 45% of 512 MiB]
Using 12 worker leases.
Now considering [C:\Users\steve\guardian-angel] as hierarchies to watch
Watching the file system is configured to be enabled if available
File system watching is active
Starting Build
Settings evaluated using settings file 'C:\Users\steve\guardian-angel\settings.gradle.kts'.
Using local directory build cache for the root build (location = C:\Users\steve\.gradle\caches\build-cache-1, remove unused entries = after 7 days).
Projects loaded. Root project using build file 'C:\Users\steve\guardian-angel\build.gradle.kts'.
Included projects: [root project 'SafeHarborSecurity', project ':app']

> Configure project :
Evaluating root project 'SafeHarborSecurity' using build file 'C:\Users\steve\guardian-angel\build.gradle.kts'.
Resolved plugin [id: 'com.android.application', version: '8.13.2', apply: false]
Resolved plugin [id: 'org.jetbrains.kotlin.android', version: '1.9.25', apply: false]
Resolved plugin [id: 'com.google.dagger.hilt.android', version: '2.51.1', apply: false]
Resolved plugin [id: 'com.google.devtools.ksp', version: '1.9.25-1.0.20', apply: false]

> Configure project :app
Evaluating project ':app' using build file 'C:\Users\steve\guardian-angel\app\build.gradle.kts'.
Resolved plugin [id: 'com.android.application']
Resolved plugin [id: 'org.jetbrains.kotlin.android']
Resolved plugin [id: 'com.google.dagger.hilt.android']
Resolved plugin [id: 'com.google.devtools.ksp']
Using default execution profile
Using Kotlin Gradle Plugin gradle82 variant
All projects evaluated.
Task path ':app:testStandardDebugUnitTest' matched project ':app'
Task name matched 'testStandardDebugUnitTest'
Selected primary task 'testStandardDebugUnitTest' from project :app
Tasks to be executed: [task ':app:preBuild', task ':app:preStandardDebugBuild', task ':app:checkKotlinGradlePluginConfigurationErrors', task ':app:generateStandardDebugBuildConfig', task ':app:checkStandardDebugAarMetadata', task ':app:processStandardDebugNavigationResources', task ':app:compileStandardDebugNavigationResources', task ':app:generateStandardDebugResValues', task ':app:mapStandardDebugSourceSetPaths', task ':app:generateStandardDebugResources', task ':app:mergeStandardDebugResources', task ':app:packageStandardDebugResources', task ':app:parseStandardDebugLocalResources', task ':app:createStandardDebugCompatibleScreenManifests', task ':app:extractDeepLinksStandardDebug', task ':app:processStandardDebugMainManifest', task ':app:processStandardDebugManifest', task ':app:processStandardDebugManifestForPackage', task ':app:processStandardDebugResources', task ':app:kspStandardDebugKotlin', task ':app:compileStandardDebugKotlin', task ':app:javaPreCompileStandardDebug', task ':app:compileStandardDebugJavaWithJavac', task ':app:hiltAggregateDepsStandardDebug', task ':app:hiltJavaCompileStandardDebug', task ':app:transformStandardDebugClassesWithAsm', task ':app:bundleStandardDebugClassesToRuntimeJar', task ':app:preStandardDebugUnitTestBuild', task ':app:processStandardDebugJavaRes', task ':app:bundleStandardDebugClassesToCompileJar', task ':app:kspStandardDebugUnitTestKotlin', task ':app:compileStandardDebugUnitTestKotlin', task ':app:javaPreCompileStandardDebugUnitTest', task ':app:compileStandardDebugUnitTestJavaWithJavac', task ':app:hiltAggregateDepsStandardDebugUnitTest', task ':app:hiltJavaCompileStandardDebugUnitTest', task ':app:processStandardDebugUnitTestJavaRes', task ':app:transformStandardDebugUnitTestClassesWithAsm', task ':app:testStandardDebugUnitTest']
Tasks that were excluded: []
work action Parameters of IdentityTransform (Thread[#271,Execution worker,5,main]) started.
work action Parameters of CopyTransform (Thread[#278,Execution worker Thread 8,5,main]) started.
work action Parameters of AggregatedPackagesTransform (Thread[#278,Execution worker Thread 8,5,main]) started.
Resolve mutations for :app:preBuild (Thread[#278,Execution worker Thread 8,5,main]) started.
:app:preBuild (Thread[#278,Execution worker Thread 8,5,main]) started.

> Task :app:preBuild UP-TO-DATE
Skipping task ':app:preBuild' as it has no actions.
Resolve mutations for :app:preStandardDebugBuild (Thread[#278,Execution worker Thread 8,5,main]) started.
:app:preStandardDebugBuild (Thread[#278,Execution worker Thread 8,5,main]) started.

> Task :app:preStandardDebugBuild UP-TO-DATE
Skipping task ':app:preStandardDebugBuild' as it has no actions.
Resolve mutations for :app:checkKotlinGradlePluginConfigurationErrors (Thread[#278,Execution worker Thread 8,5,main]) started.
:app:checkKotlinGradlePluginConfigurationErrors (Thread[#278,Execution worker Thread 8,5,main]) started.

> Task :app:checkKotlinGradlePluginConfigurationErrors
Caching disabled for task ':app:checkKotlinGradlePluginConfigurationErrors' because:
  This task renders reported diagnostics; caching this task will hide diagnostics and obscure issues in the build
Task ':app:checkKotlinGradlePluginConfigurationErrors' is not up-to-date because:
  Task has not declared any outputs despite executing actions.
Resolve mutations for :app:generateStandardDebugBuildConfig (Thread[#278,Execution worker Thread 8,5,main]) started.
:app:generateStandardDebugBuildConfig (Thread[#278,Execution worker Thread 8,5,main]) started.

> Task :app:generateStandardDebugBuildConfig UP-TO-DATE
Build cache key for task ':app:generateStandardDebugBuildConfig' is 2eb5228e672dd8e6ea7cf3ba8db142f5
Skipping task ':app:generateStandardDebugBuildConfig' as it is up-to-date.
Resolve mutations for :app:checkStandardDebugAarMetadata (Thread[#278,Execution worker Thread 8,5,main]) started.
:app:checkStandardDebugAarMetadata (Thread[#278,Execution worker Thread 8,5,main]) started.

> Task :app:checkStandardDebugAarMetadata UP-TO-DATE
Caching disabled for task ':app:checkStandardDebugAarMetadata' because:
  Caching has been disabled for the task
Skipping task ':app:checkStandardDebugAarMetadata' as it is up-to-date.
Resolve mutations for :app:processStandardDebugNavigationResources (Thread[#278,Execution worker Thread 8,5,main]) started.
:app:processStandardDebugNavigationResources (Thread[#278,Execution worker Thread 8,5,main]) started.

> Task :app:processStandardDebugNavigationResources UP-TO-DATE
Build cache key for task ':app:processStandardDebugNavigationResources' is eccf73ac5a04580d27ed0b4fb0e43edf
Skipping task ':app:processStandardDebugNavigationResources' as it is up-to-date.
Resolve mutations for :app:compileStandardDebugNavigationResources (Thread[#278,Execution worker Thread 8,5,main]) started.
:app:compileStandardDebugNavigationResources (Thread[#278,Execution worker Thread 8,5,main]) started.

> Task :app:compileStandardDebugNavigationResources UP-TO-DATE
Build cache key for task ':app:compileStandardDebugNavigationResources' is d618d9875903df8b28b905ee1228ec42
Skipping task ':app:compileStandardDebugNavigationResources' as it is up-to-date.
Resolve mutations for :app:generateStandardDebugResValues (Thread[#278,Execution worker Thread 8,5,main]) started.
:app:generateStandardDebugResValues (Thread[#278,Execution worker Thread 8,5,main]) started.

> Task :app:generateStandardDebugResValues UP-TO-DATE
Build cache key for task ':app:generateStandardDebugResValues' is 24f2f51d6b288c0c1c1a3cd66713205b
Skipping task ':app:generateStandardDebugResValues' as it is up-to-date.
Resolve mutations for :app:mapStandardDebugSourceSetPaths (Thread[#278,Execution worker Thread 8,5,main]) started.
:app:mapStandardDebugSourceSetPaths (Thread[#278,Execution worker Thread 8,5,main]) started.

> Task :app:mapStandardDebugSourceSetPaths UP-TO-DATE
Caching disabled for task ':app:mapStandardDebugSourceSetPaths' because:
  Caching has been disabled for the task
Skipping task ':app:mapStandardDebugSourceSetPaths' as it is up-to-date.
Resolve mutations for :app:generateStandardDebugResources (Thread[#278,Execution worker Thread 8,5,main]) started.
:app:generateStandardDebugResources (Thread[#278,Execution worker Thread 8,5,main]) started.

> Task :app:generateStandardDebugResources UP-TO-DATE
Build cache key for task ':app:generateStandardDebugResources' is 0ee613bf4957ab49e71ed2dd9e2b1f87
Skipping task ':app:generateStandardDebugResources' as it is up-to-date.
Resolve mutations for :app:mergeStandardDebugResources (Thread[#278,Execution worker Thread 8,5,main]) started.
:app:mergeStandardDebugResources (Thread[#278,Execution worker Thread 8,5,main]) started.

> Task :app:mergeStandardDebugResources UP-TO-DATE
Build cache key for task ':app:mergeStandardDebugResources' is b24e9d1a3b265ca2849b6f5fcdda0e6b
Skipping task ':app:mergeStandardDebugResources' as it is up-to-date.
Resolve mutations for :app:packageStandardDebugResources (Thread[#278,Execution worker Thread 8,5,main]) started.
:app:packageStandardDebugResources (Thread[#278,Execution worker Thread 8,5,main]) started.

> Task :app:packageStandardDebugResources UP-TO-DATE
Build cache key for task ':app:packageStandardDebugResources' is 2fd2cc214cb43cc995b310786161657a
Skipping task ':app:packageStandardDebugResources' as it is up-to-date.
Resolve mutations for :app:parseStandardDebugLocalResources (Thread[#278,Execution worker Thread 8,5,main]) started.
:app:parseStandardDebugLocalResources (Thread[#278,Execution worker Thread 8,5,main]) started.

> Task :app:parseStandardDebugLocalResources UP-TO-DATE
Build cache key for task ':app:parseStandardDebugLocalResources' is 42daa99e4686e16effa76871f7702621
Skipping task ':app:parseStandardDebugLocalResources' as it is up-to-date.
Resolve mutations for :app:createStandardDebugCompatibleScreenManifests (Thread[#278,Execution worker Thread 8,5,main]) started.
:app:createStandardDebugCompatibleScreenManifests (Thread[#278,Execution worker Thread 8,5,main]) started.

> Task :app:createStandardDebugCompatibleScreenManifests UP-TO-DATE
Caching disabled for task ':app:createStandardDebugCompatibleScreenManifests' because:
  Caching has been disabled for the task
Skipping task ':app:createStandardDebugCompatibleScreenManifests' as it is up-to-date.
Resolve mutations for :app:extractDeepLinksStandardDebug (Thread[#278,Execution worker Thread 8,5,main]) started.
:app:extractDeepLinksStandardDebug (Thread[#278,Execution worker Thread 8,5,main]) started.

> Task :app:extractDeepLinksStandardDebug UP-TO-DATE
Build cache key for task ':app:extractDeepLinksStandardDebug' is f19814822f59ce9778346144fd88011a
Skipping task ':app:extractDeepLinksStandardDebug' as it is up-to-date.
Resolve mutations for :app:processStandardDebugMainManifest (Thread[#278,Execution worker Thread 8,5,main]) started.
:app:processStandardDebugMainManifest (Thread[#278,Execution worker Thread 8,5,main]) started.

> Task :app:processStandardDebugMainManifest UP-TO-DATE
Build cache key for task ':app:processStandardDebugMainManifest' is 587dbf41451130d6bd33e8d615ba02e5
Skipping task ':app:processStandardDebugMainManifest' as it is up-to-date.
Resolve mutations for :app:processStandardDebugManifest (Thread[#278,Execution worker Thread 8,5,main]) started.
:app:processStandardDebugManifest (Thread[#278,Execution worker Thread 8,5,main]) started.

> Task :app:processStandardDebugManifest UP-TO-DATE
Build cache key for task ':app:processStandardDebugManifest' is 8d72641f8e617d01049526ab2268c4dd
Skipping task ':app:processStandardDebugManifest' as it is up-to-date.
Resolve mutations for :app:processStandardDebugManifestForPackage (Thread[#278,Execution worker Thread 8,5,main]) started.
:app:processStandardDebugManifestForPackage (Thread[#278,Execution worker Thread 8,5,main]) started.

> Task :app:processStandardDebugManifestForPackage UP-TO-DATE
Custom actions are attached to task ':app:processStandardDebugManifestForPackage'.
Build cache key for task ':app:processStandardDebugManifestForPackage' is cc964f383e395fe0eb583159dcd9cc84
Skipping task ':app:processStandardDebugManifestForPackage' as it is up-to-date.
Resolve mutations for :app:processStandardDebugResources (Thread[#278,Execution worker Thread 8,5,main]) started.
:app:processStandardDebugResources (Thread[#278,Execution worker Thread 8,5,main]) started.

> Task :app:processStandardDebugResources UP-TO-DATE
Build cache key for task ':app:processStandardDebugResources' is 749648a3236a537d78097e68e5f01424
Skipping task ':app:processStandardDebugResources' as it is up-to-date.
Resolve mutations for :app:kspStandardDebugKotlin (Thread[#278,Execution worker Thread 8,5,main]) started.
:app:kspStandardDebugKotlin (Thread[#278,Execution worker Thread 8,5,main]) started.

> Task :app:kspStandardDebugKotlin UP-TO-DATE
file or directory 'C:\Users\steve\guardian-angel\app\src\standardDebug\kotlin', not found
file or directory 'C:\Users\steve\guardian-angel\app\src\standardDebug\java', not found
file or directory 'C:\Users\steve\guardian-angel\app\src\main\kotlin', not found
file or directory 'C:\Users\steve\guardian-angel\app\src\standard\kotlin', not found
file or directory 'C:\Users\steve\guardian-angel\app\src\standard\java', not found
file or directory 'C:\Users\steve\guardian-angel\app\src\debug\kotlin', not found
file or directory 'C:\Users\steve\guardian-angel\app\src\debug\java', not found
file or directory 'C:\Users\steve\guardian-angel\app\src\standard\java', not found
file or directory 'C:\Users\steve\guardian-angel\app\src\debug\java', not found
file or directory 'C:\Users\steve\guardian-angel\app\src\standardDebug\java', not found
file or directory 'C:\Users\steve\guardian-angel\app\src\standardDebug\kotlin', not found
file or directory 'C:\Users\steve\guardian-angel\app\src\standardDebug\java', not found
file or directory 'C:\Users\steve\guardian-angel\app\src\main\kotlin', not found
file or directory 'C:\Users\steve\guardian-angel\app\src\standard\kotlin', not found
file or directory 'C:\Users\steve\guardian-angel\app\src\standard\java', not found
file or directory 'C:\Users\steve\guardian-angel\app\src\debug\kotlin', not found
file or directory 'C:\Users\steve\guardian-angel\app\src\debug\java', not found
file or directory 'C:\Users\steve\guardian-angel\app\src\standard\java', not found
file or directory 'C:\Users\steve\guardian-angel\app\src\debug\java', not found
file or directory 'C:\Users\steve\guardian-angel\app\src\standardDebug\java', not found
Build cache key for task ':app:kspStandardDebugKotlin' is e662a54f705a4dea969bebc2b3efa402
Skipping task ':app:kspStandardDebugKotlin' as it is up-to-date.
Resolve mutations for :app:compileStandardDebugKotlin (Thread[#278,Execution worker Thread 8,5,main]) started.
:app:compileStandardDebugKotlin (Thread[#278,Execution worker Thread 8,5,main]) started.

> Task :app:compileStandardDebugKotlin UP-TO-DATE
Build cache key for task ':app:compileStandardDebugKotlin' is 6325073bc426d249b881f1eadffcaf5b
Skipping task ':app:compileStandardDebugKotlin' as it is up-to-date.
Resolve mutations for :app:javaPreCompileStandardDebug (Thread[#278,Execution worker Thread 8,5,main]) started.
:app:javaPreCompileStandardDebug (Thread[#278,Execution worker Thread 8,5,main]) started.

> Task :app:javaPreCompileStandardDebug UP-TO-DATE
Build cache key for task ':app:javaPreCompileStandardDebug' is 888452bfd64f8637aa93268e663c8361
Skipping task ':app:javaPreCompileStandardDebug' as it is up-to-date.
Resolve mutations for :app:compileStandardDebugJavaWithJavac (Thread[#278,Execution worker Thread 8,5,main]) started.
:app:compileStandardDebugJavaWithJavac (Thread[#278,Execution worker Thread 8,5,main]) started.

> Task :app:compileStandardDebugJavaWithJavac UP-TO-DATE
file or directory 'C:\Users\steve\guardian-angel\app\build\generated\ksp\standardDebug\classes', not found
file or directory 'C:\Users\steve\guardian-angel\app\build\generated\ksp\standardDebug\classes', not found
Custom actions are attached to task ':app:compileStandardDebugJavaWithJavac'.
Build cache key for task ':app:compileStandardDebugJavaWithJavac' is 476d3e487fcbd602a9e8ac1901bcb135
Skipping task ':app:compileStandardDebugJavaWithJavac' as it is up-to-date.
No compile result for :app:compileStandardDebugJavaWithJavac
Resolve mutations for :app:hiltAggregateDepsStandardDebug (Thread[#278,Execution worker Thread 8,5,main]) started.
:app:hiltAggregateDepsStandardDebug (Thread[#278,Execution worker Thread 8,5,main]) started.

> Task :app:hiltAggregateDepsStandardDebug UP-TO-DATE
file or directory 'C:\Users\steve\guardian-angel\app\build\generated\ksp\standardDebug\classes', not found
Build cache key for task ':app:hiltAggregateDepsStandardDebug' is 7a07f33fa10ebbfc4f2385ca4cfcc0a9
Skipping task ':app:hiltAggregateDepsStandardDebug' as it is up-to-date.
Resolve mutations for :app:hiltJavaCompileStandardDebug (Thread[#278,Execution worker Thread 8,5,main]) started.
:app:hiltJavaCompileStandardDebug (Thread[#278,Execution worker Thread 8,5,main]) started.

> Task :app:hiltJavaCompileStandardDebug UP-TO-DATE
file or directory 'C:\Users\steve\guardian-angel\app\build\generated\ksp\standardDebug\classes', not found
file or directory 'C:\Users\steve\guardian-angel\app\build\generated\ksp\standardDebug\classes', not found
Build cache key for task ':app:hiltJavaCompileStandardDebug' is 78455b00bee3b39a99783f733b29e9ca
Skipping task ':app:hiltJavaCompileStandardDebug' as it is up-to-date.
No compile result for :app:hiltJavaCompileStandardDebug
Resolve mutations for :app:transformStandardDebugClassesWithAsm (Thread[#278,Execution worker Thread 8,5,main]) started.
:app:transformStandardDebugClassesWithAsm (Thread[#278,Execution worker Thread 8,5,main]) started.

> Task :app:transformStandardDebugClassesWithAsm UP-TO-DATE
file or directory 'C:\Users\steve\guardian-angel\app\build\generated\ksp\standardDebug\classes', not found
file or directory 'C:\Users\steve\guardian-angel\app\build\generated\ksp\standardDebug\classes', not found
Build cache key for task ':app:transformStandardDebugClassesWithAsm' is 1ce6ce1269fe5f852a7b6c16e28544c8
Skipping task ':app:transformStandardDebugClassesWithAsm' as it is up-to-date.
Resolve mutations for :app:bundleStandardDebugClassesToRuntimeJar (Thread[#278,Execution worker Thread 8,5,main]) started.
:app:bundleStandardDebugClassesToRuntimeJar (Thread[#278,Execution worker Thread 8,5,main]) started.

> Task :app:bundleStandardDebugClassesToRuntimeJar UP-TO-DATE
Caching disabled for task ':app:bundleStandardDebugClassesToRuntimeJar' because:
  Caching has been disabled for the task
Skipping task ':app:bundleStandardDebugClassesToRuntimeJar' as it is up-to-date.
work action resolve classes.jar (project :app) (Thread[#278,Execution worker Thread 8,5,main]) started.
Resolve mutations for :app:preStandardDebugUnitTestBuild (Thread[#278,Execution worker Thread 8,5,main]) started.
IdentityTransform (Thread[#272,Execution worker Thread 2,5,main]) started.
:app:preStandardDebugUnitTestBuild (Thread[#278,Execution worker Thread 8,5,main]) started.
CopyTransform (Thread[#272,Execution worker Thread 2,5,main]) started.

> Task :app:preStandardDebugUnitTestBuild UP-TO-DATE
Skipping task ':app:preStandardDebugUnitTestBuild' as it has no actions.
AggregatedPackagesTransform (Thread[#272,Execution worker Thread 2,5,main]) started.
Resolve mutations for :app:processStandardDebugJavaRes (Thread[#278,Execution worker Thread 8,5,main]) started.
:app:processStandardDebugJavaRes (Thread[#278,Execution worker Thread 8,5,main]) started.

> Task :app:processStandardDebugJavaRes UP-TO-DATE
file or directory 'C:\Users\steve\guardian-angel\app\src\main\resources', not found
file or directory 'C:\Users\steve\guardian-angel\app\src\standard\resources', not found
file or directory 'C:\Users\steve\guardian-angel\app\src\debug\resources', not found
file or directory 'C:\Users\steve\guardian-angel\app\src\standardDebug\resources', not found
file or directory 'C:\Users\steve\guardian-angel\app\build\generated\ksp\standardDebug\classes', not found
file or directory 'C:\Users\steve\guardian-angel\app\build\generated\ksp\standardDebug\classes', not found
file or directory 'C:\Users\steve\guardian-angel\app\src\main\resources', not found
file or directory 'C:\Users\steve\guardian-angel\app\src\standard\resources', not found
file or directory 'C:\Users\steve\guardian-angel\app\src\debug\resources', not found
file or directory 'C:\Users\steve\guardian-angel\app\src\standardDebug\resources', not found
file or directory 'C:\Users\steve\guardian-angel\app\build\generated\ksp\standardDebug\classes', not found
file or directory 'C:\Users\steve\guardian-angel\app\build\generated\ksp\standardDebug\classes', not found
Caching disabled for task ':app:processStandardDebugJavaRes' because:
  Caching has been disabled for the task
Skipping task ':app:processStandardDebugJavaRes' as it is up-to-date.
work action resolve out (project :app) (Thread[#278,Execution worker Thread 8,5,main]) started.
Resolve mutations for :app:bundleStandardDebugClassesToCompileJar (Thread[#272,Execution worker Thread 2,5,main]) started.
:app:bundleStandardDebugClassesToCompileJar (Thread[#272,Execution worker Thread 2,5,main]) started.

> Task :app:bundleStandardDebugClassesToCompileJar UP-TO-DATE
Caching disabled for task ':app:bundleStandardDebugClassesToCompileJar' because:
  Caching has been disabled for the task
Skipping task ':app:bundleStandardDebugClassesToCompileJar' as it is up-to-date.
work action resolve classes.jar (project :app) (Thread[#272,Execution worker Thread 2,5,main]) started.
Resolve mutations for :app:kspStandardDebugUnitTestKotlin (Thread[#272,Execution worker Thread 2,5,main]) started.
:app:kspStandardDebugUnitTestKotlin (Thread[#272,Execution worker Thread 2,5,main]) started.

> Task :app:kspStandardDebugUnitTestKotlin UP-TO-DATE
file or directory 'C:\Users\steve\guardian-angel\app\src\standardDebugUnitTest\kotlin', not found
file or directory 'C:\Users\steve\guardian-angel\app\src\test\kotlin', not found
file or directory 'C:\Users\steve\guardian-angel\app\src\testStandard\kotlin', not found
file or directory 'C:\Users\steve\guardian-angel\app\src\testStandard\java', not found
file or directory 'C:\Users\steve\guardian-angel\app\src\testDebug\kotlin', not found
file or directory 'C:\Users\steve\guardian-angel\app\src\testDebug\java', not found
file or directory 'C:\Users\steve\guardian-angel\app\src\testStandardDebug\kotlin', not found
file or directory 'C:\Users\steve\guardian-angel\app\src\testStandardDebug\java', not found
file or directory 'C:\Users\steve\guardian-angel\app\src\testStandard\java', not found
file or directory 'C:\Users\steve\guardian-angel\app\src\testDebug\java', not found
file or directory 'C:\Users\steve\guardian-angel\app\src\testStandardDebug\java', not found
file or directory 'C:\Users\steve\guardian-angel\app\src\standardDebugUnitTest\kotlin', not found
file or directory 'C:\Users\steve\guardian-angel\app\src\test\kotlin', not found
file or directory 'C:\Users\steve\guardian-angel\app\src\testStandard\kotlin', not found
file or directory 'C:\Users\steve\guardian-angel\app\src\testStandard\java', not found
file or directory 'C:\Users\steve\guardian-angel\app\src\testDebug\kotlin', not found
file or directory 'C:\Users\steve\guardian-angel\app\src\testDebug\java', not found
file or directory 'C:\Users\steve\guardian-angel\app\src\testStandardDebug\kotlin', not found
file or directory 'C:\Users\steve\guardian-angel\app\src\testStandardDebug\java', not found
file or directory 'C:\Users\steve\guardian-angel\app\src\testStandard\java', not found
file or directory 'C:\Users\steve\guardian-angel\app\src\testDebug\java', not found
file or directory 'C:\Users\steve\guardian-angel\app\src\testStandardDebug\java', not found
Build cache key for task ':app:kspStandardDebugUnitTestKotlin' is 79c95e8339dadc5e27afd26987dfde06
Skipping task ':app:kspStandardDebugUnitTestKotlin' as it is up-to-date.
Resolve mutations for :app:compileStandardDebugUnitTestKotlin (Thread[#272,Execution worker Thread 2,5,main]) started.
:app:compileStandardDebugUnitTestKotlin (Thread[#272,Execution worker Thread 2,5,main]) started.

> Task :app:compileStandardDebugUnitTestKotlin UP-TO-DATE
Build cache key for task ':app:compileStandardDebugUnitTestKotlin' is d2db01fc8029338f5d81354a742b1c1c
Skipping task ':app:compileStandardDebugUnitTestKotlin' as it is up-to-date.
Resolve mutations for :app:javaPreCompileStandardDebugUnitTest (Thread[#272,Execution worker Thread 2,5,main]) started.
:app:javaPreCompileStandardDebugUnitTest (Thread[#272,Execution worker Thread 2,5,main]) started.

> Task :app:javaPreCompileStandardDebugUnitTest UP-TO-DATE
Build cache key for task ':app:javaPreCompileStandardDebugUnitTest' is 3bfdefa2849f67dbb5324172b9909710
Skipping task ':app:javaPreCompileStandardDebugUnitTest' as it is up-to-date.
Resolve mutations for :app:compileStandardDebugUnitTestJavaWithJavac (Thread[#272,Execution worker Thread 2,5,main]) started.
:app:compileStandardDebugUnitTestJavaWithJavac (Thread[#272,Execution worker Thread 2,5,main]) started.

> Task :app:compileStandardDebugUnitTestJavaWithJavac NO-SOURCE
Skipping task ':app:compileStandardDebugUnitTestJavaWithJavac' as it has no source files and no previous output files.
Resolve mutations for :app:hiltAggregateDepsStandardDebugUnitTest (Thread[#272,Execution worker Thread 2,5,main]) started.
:app:hiltAggregateDepsStandardDebugUnitTest (Thread[#272,Execution worker Thread 2,5,main]) started.

> Task :app:hiltAggregateDepsStandardDebugUnitTest
Downloading https://repo.maven.apache.org/maven2/org/robolectric/nativeruntime-dist-compat/1.0.12/nativeruntime-dist-compat-1.0.12.jar to C:\Users\steve\.gradle\.tmp\gradle_download3164366836668102293bin
Caching disabled for IdentityTransform: C:\Users\steve\.gradle\caches\modules-2\files-2.1\org.robolectric\nativeruntime-dist-compat\1.0.12\bb5ab24e0f465ae280d6f72ced8623fbd8f33fb2\nativeruntime-dist-compat-1.0.12.jar because:
  Caching not enabled.
Caching disabled for CopyTransform: C:\Users\steve\.gradle\caches\modules-2\files-2.1\org.robolectric\nativeruntime-dist-compat\1.0.12\bb5ab24e0f465ae280d6f72ced8623fbd8f33fb2\nativeruntime-dist-compat-1.0.12.jar because:
  Caching not enabled.
Build cache key for AggregatedPackagesTransform: C:\Users\steve\.gradle\caches\modules-2\files-2.1\org.robolectric\nativeruntime-dist-compat\1.0.12\bb5ab24e0f465ae280d6f72ced8623fbd8f33fb2\nativeruntime-dist-compat-1.0.12.jar is 2bbdd33dd16e0db1c6c38f0e5e7b44bf
Stored cache entry for AggregatedPackagesTransform: C:\Users\steve\.gradle\caches\modules-2\files-2.1\org.robolectric\nativeruntime-dist-compat\1.0.12\bb5ab24e0f465ae280d6f72ced8623fbd8f33fb2\nativeruntime-dist-compat-1.0.12.jar with cache key 2bbdd33dd16e0db1c6c38f0e5e7b44bf
file or directory 'C:\Users\steve\guardian-angel\app\build\generated\ksp\standardDebugUnitTest\classes', not found
Caching disabled for IdentityTransform: C:\Users\steve\guardian-angel\app\build\intermediates\compile_app_classes_jar\standardDebug\bundleStandardDebugClassesToCompileJar\classes.jar because:
  Caching not enabled.
Caching disabled for IdentityTransform: C:\Users\steve\.gradle\caches\8.13\transforms\fb692826c2c493ebe54c2388e20e9215\transformed\core-testing-2.2.0-api.jar because:
  Caching not enabled.
Caching disabled for IdentityTransform: C:\Users\steve\.gradle\caches\8.13\transforms\3b915791a4c9185f5202e1b6ff993c72\transformed\monitor-1.7.1-api.jar because:
  Caching not enabled.
Caching disabled for CopyTransform: C:\Users\steve\.gradle\caches\modules-2\files-2.1\com.google.j2objc\j2objc-annotations\3.0.0\7399e65dd7e9ff3404f4535b2f017093bdb134c7\j2objc-annotations-3.0.0.jar because:
  Caching not enabled.
Caching disabled for CopyTransform: C:\Users\steve\guardian-angel\app\build\tmp\kotlin-classes\standardDebugUnitTest because:
  Caching not enabled.
Caching disabled for CopyTransform: C:\Users\steve\guardian-angel\app\build\intermediates\compile_app_classes_jar\standardDebug\bundleStandardDebugClassesToCompileJar\classes.jar because:
  Caching not enabled.
Caching disabled for CopyTransform: C:\Users\steve\.gradle\caches\8.13\transforms\fb692826c2c493ebe54c2388e20e9215\transformed\core-testing-2.2.0-api.jar because:
  Caching not enabled.
Caching disabled for CopyTransform: C:\Users\steve\.gradle\caches\8.13\transforms\3b915791a4c9185f5202e1b6ff993c72\transformed\monitor-1.7.1-api.jar because:
  Caching not enabled.
Build cache key for AggregatedPackagesTransform: C:\Users\steve\.gradle\caches\modules-2\files-2.1\com.google.j2objc\j2objc-annotations\3.0.0\7399e65dd7e9ff3404f4535b2f017093bdb134c7\j2objc-annotations-3.0.0.jar is 136ea9ece53e8e0144746e8a6bbc74f4
Build cache key for AggregatedPackagesTransform: C:\Users\steve\guardian-angel\app\build\tmp\kotlin-classes\standardDebugUnitTest is e856852c01da51c485b54cc7800f8bbd
Build cache key for AggregatedPackagesTransform: C:\Users\steve\guardian-angel\app\build\intermediates\compile_app_classes_jar\standardDebug\bundleStandardDebugClassesToCompileJar\classes.jar is a46cd03cdba3ed0e7d824c9c41f26d27
Build cache key for AggregatedPackagesTransform: C:\Users\steve\.gradle\caches\8.13\transforms\fb692826c2c493ebe54c2388e20e9215\transformed\core-testing-2.2.0-api.jar is 8bd3d7991ffe005aa6360a7ca9de4b2d
Build cache key for AggregatedPackagesTransform: C:\Users\steve\.gradle\caches\8.13\transforms\3b915791a4c9185f5202e1b6ff993c72\transformed\monitor-1.7.1-api.jar is 6fa027bc7f2db1c290294d0a732b92f9
Stored cache entry for AggregatedPackagesTransform: C:\Users\steve\.gradle\caches\modules-2\files-2.1\com.google.j2objc\j2objc-annotations\3.0.0\7399e65dd7e9ff3404f4535b2f017093bdb134c7\j2objc-annotations-3.0.0.jar with cache key 136ea9ece53e8e0144746e8a6bbc74f4
Stored cache entry for AggregatedPackagesTransform: C:\Users\steve\guardian-angel\app\build\tmp\kotlin-classes\standardDebugUnitTest with cache key e856852c01da51c485b54cc7800f8bbd
Stored cache entry for AggregatedPackagesTransform: C:\Users\steve\.gradle\caches\8.13\transforms\fb692826c2c493ebe54c2388e20e9215\transformed\core-testing-2.2.0-api.jar with cache key 8bd3d7991ffe005aa6360a7ca9de4b2d
Stored cache entry for AggregatedPackagesTransform: C:\Users\steve\.gradle\caches\8.13\transforms\3b915791a4c9185f5202e1b6ff993c72\transformed\monitor-1.7.1-api.jar with cache key 6fa027bc7f2db1c290294d0a732b92f9
Stored cache entry for AggregatedPackagesTransform: C:\Users\steve\guardian-angel\app\build\intermediates\compile_app_classes_jar\standardDebug\bundleStandardDebugClassesToCompileJar\classes.jar with cache key a46cd03cdba3ed0e7d824c9c41f26d27
Build cache key for task ':app:hiltAggregateDepsStandardDebugUnitTest' is 60a55382e828acf8c31afbc5bdcb2f3a
Task ':app:hiltAggregateDepsStandardDebugUnitTest' is not up-to-date because:
  No history is available.
The input changes require a full rebuild for incremental task ':app:hiltAggregateDepsStandardDebugUnitTest'.
Stored cache entry for task ':app:hiltAggregateDepsStandardDebugUnitTest' with cache key 60a55382e828acf8c31afbc5bdcb2f3a
Resolve mutations for :app:hiltJavaCompileStandardDebugUnitTest (Thread[#272,Execution worker Thread 2,5,main]) started.
:app:hiltJavaCompileStandardDebugUnitTest (Thread[#272,Execution worker Thread 2,5,main]) started.

> Task :app:hiltJavaCompileStandardDebugUnitTest NO-SOURCE
Skipping task ':app:hiltJavaCompileStandardDebugUnitTest' as it has no source files and no previous output files.
Resolve mutations for :app:processStandardDebugUnitTestJavaRes (Thread[#272,Execution worker Thread 2,5,main]) started.
:app:processStandardDebugUnitTestJavaRes (Thread[#272,Execution worker Thread 2,5,main]) started.

> Task :app:processStandardDebugUnitTestJavaRes
file or directory 'C:\Users\steve\guardian-angel\app\src\test\resources', not found
file or directory 'C:\Users\steve\guardian-angel\app\src\testStandard\resources', not found
file or directory 'C:\Users\steve\guardian-angel\app\src\testDebug\resources', not found
file or directory 'C:\Users\steve\guardian-angel\app\src\testStandardDebug\resources', not found
file or directory 'C:\Users\steve\guardian-angel\app\build\generated\ksp\standardDebugUnitTest\classes', not found
file or directory 'C:\Users\steve\guardian-angel\app\build\generated\ksp\standardDebugUnitTest\classes', not found
file or directory 'C:\Users\steve\guardian-angel\app\src\test\resources', not found
file or directory 'C:\Users\steve\guardian-angel\app\src\testStandard\resources', not found
file or directory 'C:\Users\steve\guardian-angel\app\src\testDebug\resources', not found
file or directory 'C:\Users\steve\guardian-angel\app\src\testStandardDebug\resources', not found
file or directory 'C:\Users\steve\guardian-angel\app\build\generated\ksp\standardDebugUnitTest\classes', not found
file or directory 'C:\Users\steve\guardian-angel\app\build\generated\ksp\standardDebugUnitTest\classes', not found
Caching disabled for task ':app:processStandardDebugUnitTestJavaRes' because:
  Caching has been disabled for the task
Task ':app:processStandardDebugUnitTestJavaRes' is not up-to-date because:
  No history is available.
file or directory 'C:\Users\steve\guardian-angel\app\src\test\resources', not found
file or directory 'C:\Users\steve\guardian-angel\app\src\testStandard\resources', not found
file or directory 'C:\Users\steve\guardian-angel\app\src\testDebug\resources', not found
file or directory 'C:\Users\steve\guardian-angel\app\src\testStandardDebug\resources', not found
file or directory 'C:\Users\steve\guardian-angel\app\build\generated\ksp\standardDebugUnitTest\classes', not found
file or directory 'C:\Users\steve\guardian-angel\app\build\generated\ksp\standardDebugUnitTest\classes', not found
file or directory 'C:\Users\steve\guardian-angel\app\src\test\resources', not found
file or directory 'C:\Users\steve\guardian-angel\app\src\testStandard\resources', not found
file or directory 'C:\Users\steve\guardian-angel\app\src\testDebug\resources', not found
file or directory 'C:\Users\steve\guardian-angel\app\src\testStandardDebug\resources', not found
file or directory 'C:\Users\steve\guardian-angel\app\build\intermediates\hilt\component_classes\standardDebugUnitTest', not found
file or directory 'C:\Users\steve\guardian-angel\app\build\generated\ksp\standardDebugUnitTest\resources', not found
Resolve mutations for :app:transformStandardDebugUnitTestClassesWithAsm (Thread[#272,Execution worker Thread 2,5,main]) started.
:app:transformStandardDebugUnitTestClassesWithAsm (Thread[#272,Execution worker Thread 2,5,main]) started.

> Task :app:transformStandardDebugUnitTestClassesWithAsm
file or directory 'C:\Users\steve\guardian-angel\app\build\generated\ksp\standardDebugUnitTest\classes', not found
file or directory 'C:\Users\steve\guardian-angel\app\build\generated\ksp\standardDebugUnitTest\classes', not found
Build cache key for task ':app:transformStandardDebugUnitTestClassesWithAsm' is 9b032c18808e9af85f46ad0017cd984a
Task ':app:transformStandardDebugUnitTestClassesWithAsm' is not up-to-date because:
  No history is available.
The input changes require a full rebuild for incremental task ':app:transformStandardDebugUnitTestClassesWithAsm'.
Stored cache entry for task ':app:transformStandardDebugUnitTestClassesWithAsm' with cache key 9b032c18808e9af85f46ad0017cd984a
Resolve mutations for :app:testStandardDebugUnitTest (Thread[#272,Execution worker Thread 2,5,main]) started.
:app:testStandardDebugUnitTest (Thread[#272,Execution worker Thread 2,5,main]) started.

> Task :app:testStandardDebugUnitTest
Caching disabled for ExtractAarTransform: C:\Users\steve\.gradle\caches\modules-2\files-2.1\androidx.arch.core\core-testing\2.2.0\fa0035bc85ef4918ff47bfdadc3d7eb3ea74aa54\core-testing-2.2.0.aar because:
  Caching not enabled.
Caching disabled for ExtractAarTransform: C:\Users\steve\.gradle\caches\modules-2\files-2.1\androidx.test.espresso\espresso-idling-resource\3.6.1\dc4fe0890e742bc4c9645a53ab07aa1d07a06686\espresso-idling-resource-3.6.1.aar because:
  Caching not enabled.
Caching disabled for ExtractAarTransform: C:\Users\steve\.gradle\caches\modules-2\files-2.1\androidx.test\monitor\1.7.1\89bbebaeeff952b0ea738915f0dcf2f19ba857f5\monitor-1.7.1.aar because:
  Caching not enabled.
Caching disabled for AarTransform: C:\Users\steve\.gradle\caches\8.13\transforms\f7b15f84c240652da6acd8d6a00bc5da\transformed\espresso-idling-resource-3.6.1 because:
  Caching not enabled.
Caching disabled for AarTransform: C:\Users\steve\.gradle\caches\8.13\transforms\028008e87608879d7c05694de625c4dd\transformed\monitor-1.7.1 because:
  Caching not enabled.
Caching disabled for AarTransform: C:\Users\steve\.gradle\caches\8.13\transforms\05f6bdc9a966e7b0574a313251258a8a\transformed\core-testing-2.2.0 because:
  Caching not enabled.
Build cache key for MockableJarTransform: C:\Users\steve\AppData\Local\Android\Sdk\platforms\android-35\android.jar is 8ed0bb090557bb407c0b38c685397f68
Calling mockable JAR artifact transform to create file: C:\Users\steve\.gradle\caches\8.13\transforms\6b5c8e8e046230aff0f8d05e3edd214e-947efaf3-fb57-467d-b726-356ec02f9bf4\transformed\android.jar with input C:\Users\steve\AppData\Local\Android\Sdk\platforms\android-35\android.jar
Stored cache entry for MockableJarTransform: C:\Users\steve\AppData\Local\Android\Sdk\platforms\android-35\android.jar with cache key 8ed0bb090557bb407c0b38c685397f68
Build cache key for task ':app:testStandardDebugUnitTest' is 87393b6259b08984c2d0453d5165c00b
Task ':app:testStandardDebugUnitTest' is not up-to-date because:
  No history is available.
Starting process 'Gradle Test Executor 1'. Working directory: C:\Users\steve\guardian-angel\app Command: C:\Program Files\Android\Android Studio\jbr\bin\java.exe -Djava.awt.headless=true -Djava.library.path=C:\Program Files\Android\Android Studio\jbr\bin;C:\WINDOWS\Sun\Java\bin;C:\WINDOWS\system32;C:\WINDOWS;C:\Program Files\Android\Android Studio\jbr\bin;C:\Program Files\ImageMagick-7.1.2-Q16-HDRI;C:\Program Files (x86)\Intel\Intel(R) Management Engine Components\iCLS\;C:\Program Files\Intel\Intel(R) Management Engine Components\iCLS\;C:\Windows\system32;C:\Windows;C:\Windows\System32\Wbem;C:\Windows\System32\WindowsPowerShell\v1.0\;C:\Windows\System32\OpenSSH\;C:\Program Files (x86)\Intel\Intel(R) Management Engine Components\DAL;C:\Program Files\Intel\Intel(R) Management Engine Components\DAL;C:\Program Files (x86)\Intel\Intel(R) Management Engine Components\IPT;C:\Program Files\Intel\Intel(R) Management Engine Components\IPT;C:\Program Files (x86)\NVIDIA Corporation\PhysX\Common;C:\WINDOWS\system32;C:\WINDOWS;C:\WINDOWS\System32\Wbem;C:\WINDOWS\System32\WindowsPowerShell\v1.0\;C:\WINDOWS\System32\OpenSSH\;C:\Program Files (x86)\dotnet\;C:\Users\steve\AppData\Local\Programs\Python\Python313;C:\Users\steve\AppData\Local\Programs\Python\Python313\Scripts;C:\Program Files\dotnet\;C:\Program Files\GitHub CLI\;C:\Program Files\Git\cmd;C:\Program Files\PowerShell\7\;C:\Users\steve\AppData\Local\Programs\Python\Launcher\;C:\Users\steve\AppData\Local\Microsoft\WindowsApps;C:\Users\steve\.dotnet\tools;C:\Users\steve\AppData\Local\Programs\Microsoft VS Code\bin;C:\Users\steve\.local\bin;C:\Users\steve\.local\bin;C:\Users\steve\AppData\Local\Microsoft\WinGet\Packages\Anthropic.ClaudeCode_Microsoft.Winget.Source_8wekyb3d8bbwe;;.;C:\Users\steve\guardian-angel\app\src\testStandardDebug\jniLibs;C:\Users\steve\guardian-angel\app\src\testDebug\jniLibs;C:\Users\steve\guardian-angel\app\src\testStandard\jniLibs;C:\Users\steve\guardian-angel\app\src\test\jniLibs -Dorg.gradle.internal.worker.tmpdir=C:\Users\steve\guardian-angel\app\build\tmp\testStandardDebugUnitTest\work --add-opens=java.base/java.io=ALL-UNNAMED @C:\Users\steve\.gradle\.tmp\gradle-worker-classpath12115530606513115931txt -Xmx512m -Dfile.encoding=UTF-8 -Duser.country=US -Duser.language=en -Duser.variant -ea worker.org.gradle.process.internal.worker.GradleWorkerMain 'Gradle Test Executor 1'
Successfully started process 'Gradle Test Executor 1'

Gradle Test Executor 1 started executing tests.

> Task :app:testStandardDebugUnitTest

OnDeviceScamClassifierTest > crypto investment scam is DANGEROUS FAILED
    expected: DANGEROUS
    but was : SUSPICIOUS
        at app//com.safeharborsecurity.app.ml.OnDeviceScamClassifierTest.crypto investment scam is DANGEROUS(OnDeviceScamClassifierTest.kt:72)

OnDeviceScamClassifierTest > Microsoft tech support impersonation is DANGEROUS FAILED
    expected: DANGEROUS
    but was : SUSPICIOUS
        at app//com.safeharborsecurity.app.ml.OnDeviceScamClassifierTest.Microsoft tech support impersonation is DANGEROUS(OnDeviceScamClassifierTest.kt:45)

OnDeviceScamClassifierTest > Caribbean scam-prone country code is DANGEROUS FAILED
    expected: DANGEROUS
    but was : UNKNOWN
        at app//com.safeharborsecurity.app.ml.OnDeviceScamClassifierTest.Caribbean scam-prone country code is DANGEROUS(OnDeviceScamClassifierTest.kt:173)

KeystoreManagerPinTest STANDARD_OUT
    WARNING: No manifest file found at .\AndroidManifest.xml.
    Falling back to the Android OS resources only.
    To remove this warning, annotate your test class with @Config(manifest=Config.NONE).
    If you're using Android Gradle Plugin, add testOptions.unitTests.includeAndroidResources = true to your build.gradle

KeystoreManagerPinTest > blank stored hash always fails STANDARD_ERROR
    ERROR: Failed to fetch maven artifact org.robolectric:android-all-instrumented:14-robolectric-10818077-i6
    java.util.concurrent.ExecutionException: java.net.SocketException: Connection reset
    	at com.google.common.util.concurrent.AbstractFuture.getDoneValue(AbstractFuture.java:594)
    	at com.google.common.util.concurrent.AbstractFuture.get(AbstractFuture.java:573)
    	at com.google.common.util.concurrent.AbstractFuture$TrustedFuture.get(AbstractFuture.java:110)
    	at org.robolectric.internal.dependency.MavenArtifactFetcher.fetchArtifact(MavenArtifactFetcher.java:121)
    	at org.robolectric.internal.dependency.MavenDependencyResolver.lambda$getLocalArtifactUrls$0(MavenDependencyResolver.java:94)
    	at org.robolectric.internal.dependency.MavenDependencyResolver.whileLocked(MavenDependencyResolver.java:114)
    	at org.robolectric.internal.dependency.MavenDependencyResolver.getLocalArtifactUrls(MavenDependencyResolver.java:89)
    	at org.robolectric.internal.dependency.MavenDependencyResolver.getLocalArtifactUrls(MavenDependencyResolver.java:78)
    	at org.robolectric.internal.dependency.MavenDependencyResolver.getLocalArtifactUrl(MavenDependencyResolver.java:130)
    	at org.robolectric.plugins.LegacyDependencyResolver.getLocalArtifactUrl(LegacyDependencyResolver.java:95)
    	at org.robolectric.plugins.DefaultSdkProvider$DefaultSdk.getJarPath(DefaultSdkProvider.java:141)
    	at org.robolectric.android.internal.AndroidTestEnvironment.loadAppPackage_measured(AndroidTestEnvironment.java:418)
    	at org.robolectric.android.internal.AndroidTestEnvironment.lambda$loadAppPackage$3(AndroidTestEnvironment.java:411)
    	at org.robolectric.util.PerfStatsCollector.measure(PerfStatsCollector.java:51)
    	at org.robolectric.android.internal.AndroidTestEnvironment.loadAppPackage(AndroidTestEnvironment.java:411)
    	at org.robolectric.android.internal.AndroidTestEnvironment.installAndCreateApplication(AndroidTestEnvironment.java:304)
    	at org.robolectric.android.internal.AndroidTestEnvironment.lambda$createApplicationSupplier$0(AndroidTestEnvironment.java:280)
    	at org.robolectric.util.PerfStatsCollector.measure(PerfStatsCollector.java:51)
    	at org.robolectric.android.internal.AndroidTestEnvironment.lambda$createApplicationSupplier$1(AndroidTestEnvironment.java:277)
    	at com.google.common.base.Suppliers$NonSerializableMemoizingSupplier.get(Suppliers.java:186)
    	at org.robolectric.RuntimeEnvironment.lambda$getApplication$0(RuntimeEnvironment.java:75)
    	at org.robolectric.shadows.ShadowInstrumentation.runOnMainSyncNoIdle(ShadowInstrumentation.java:1190)
    	at org.robolectric.RuntimeEnvironment.getApplication(RuntimeEnvironment.java:75)
    	at org.robolectric.android.internal.AndroidTestEnvironment.setUpApplicationState(AndroidTestEnvironment.java:248)
    	at org.robolectric.RobolectricTestRunner.beforeTest(RobolectricTestRunner.java:283)
    	at org.robolectric.internal.SandboxTestRunner$2.lambda$evaluate$2(SandboxTestRunner.java:285)
    	at org.robolectric.internal.bytecode.Sandbox.lambda$runOnMainThread$0(Sandbox.java:104)
    	at java.base/java.util.concurrent.FutureTask.run(Unknown Source)
    	at java.base/java.util.concurrent.ThreadPoolExecutor.runWorker(Unknown Source)
    	at java.base/java.util.concurrent.ThreadPoolExecutor$Worker.run(Unknown Source)
    	at java.base/java.lang.Thread.run(Unknown Source)
    Caused by: java.net.SocketException: Connection reset
    	at java.base/sun.nio.ch.NioSocketImpl.implRead(Unknown Source)
    	at java.base/sun.nio.ch.NioSocketImpl.read(Unknown Source)
    	at java.base/sun.nio.ch.NioSocketImpl$1.read(Unknown Source)
    	at java.base/java.net.Socket$SocketInputStream.read(Unknown Source)
    	at java.base/sun.security.ssl.SSLSocketInputRecord.read(Unknown Source)
    	at java.base/sun.security.ssl.SSLSocketInputRecord.readFully(Unknown Source)
    	at java.base/sun.security.ssl.SSLSocketInputRecord.decodeInputRecord(Unknown Source)
    	at java.base/sun.security.ssl.SSLSocketInputRecord.decode(Unknown Source)
    	at java.base/sun.security.ssl.SSLTransport.decode(Unknown Source)
    	at java.base/sun.security.ssl.SSLSocketImpl.decode(Unknown Source)
    	at java.base/sun.security.ssl.SSLSocketImpl.readApplicationRecord(Unknown Source)
    	at java.base/sun.security.ssl.SSLSocketImpl$AppInputStream.read(Unknown Source)
    	at java.base/java.io.BufferedInputStream.read1(Unknown Source)
    	at java.base/java.io.BufferedInputStream.implRead(Unknown Source)
    	at java.base/java.io.BufferedInputStream.read(Unknown Source)
    	at java.base/sun.net.www.MeteredStream.read(Unknown Source)
    	at java.base/java.io.FilterInputStream.read(Unknown Source)
    	at java.base/sun.net.www.protocol.http.HttpURLConnection$HttpInputStream.read(Unknown Source)
    	at java.base/sun.net.www.protocol.http.HttpURLConnection$HttpInputStream.read(Unknown Source)
    	at com.google.common.io.ByteStreams.copy(ByteStreams.java:118)
    	at org.robolectric.internal.dependency.MavenArtifactFetcher$FetchToFileTask.call(MavenArtifactFetcher.java:252)
    	at com.google.common.util.concurrent.TrustedListenableFutureTask$TrustedFutureInterruptibleAsyncTask.runInterruptibly(TrustedListenableFutureTask.java:167)
    	at com.google.common.util.concurrent.TrustedListenableFutureTask$TrustedFutureInterruptibleAsyncTask.runInterruptibly(TrustedListenableFutureTask.java:150)
    	at com.google.common.util.concurrent.InterruptibleTask.run(InterruptibleTask.java:76)
    	at com.google.common.util.concurrent.TrustedListenableFutureTask.run(TrustedListenableFutureTask.java:82)
    	... 3 more

KeystoreManagerPinTest > blank stored hash always fails FAILED
    java.lang.AssertionError: Failed to fetch maven artifact org.robolectric:android-all-instrumented:14-robolectric-10818077-i6
        at org.robolectric.internal.dependency.MavenArtifactFetcher.fetchArtifact(MavenArtifactFetcher.java:129)
        at org.robolectric.internal.dependency.MavenDependencyResolver.lambda$getLocalArtifactUrls$0(MavenDependencyResolver.java:94)
        at org.robolectric.internal.dependency.MavenDependencyResolver.whileLocked(MavenDependencyResolver.java:114)
        at org.robolectric.internal.dependency.MavenDependencyResolver.getLocalArtifactUrls(MavenDependencyResolver.java:89)
        at org.robolectric.internal.dependency.MavenDependencyResolver.getLocalArtifactUrls(MavenDependencyResolver.java:78)
        at org.robolectric.internal.dependency.MavenDependencyResolver.getLocalArtifactUrl(MavenDependencyResolver.java:130)
        at org.robolectric.plugins.LegacyDependencyResolver.getLocalArtifactUrl(LegacyDependencyResolver.java:95)
        at org.robolectric.plugins.DefaultSdkProvider$DefaultSdk.getJarPath(DefaultSdkProvider.java:141)
        at org.robolectric.android.internal.AndroidTestEnvironment.loadAppPackage_measured(AndroidTestEnvironment.java:418)
        at org.robolectric.android.internal.AndroidTestEnvironment.lambda$loadAppPackage$3(AndroidTestEnvironment.java:411)
        at org.robolectric.util.PerfStatsCollector.measure(PerfStatsCollector.java:51)
        at org.robolectric.android.internal.AndroidTestEnvironment.loadAppPackage(AndroidTestEnvironment.java:411)
        at org.robolectric.android.internal.AndroidTestEnvironment.installAndCreateApplication(AndroidTestEnvironment.java:304)
        at org.robolectric.android.internal.AndroidTestEnvironment.lambda$createApplicationSupplier$0(AndroidTestEnvironment.java:280)
        at org.robolectric.util.PerfStatsCollector.measure(PerfStatsCollector.java:51)
        at org.robolectric.android.internal.AndroidTestEnvironment.lambda$createApplicationSupplier$1(AndroidTestEnvironment.java:277)
        at com.google.common.base.Suppliers$NonSerializableMemoizingSupplier.get(Suppliers.java:186)
        at org.robolectric.RuntimeEnvironment.lambda$getApplication$0(RuntimeEnvironment.java:75)
        at org.robolectric.shadows.ShadowInstrumentation.runOnMainSyncNoIdle(ShadowInstrumentation.java:1190)
        at org.robolectric.RuntimeEnvironment.getApplication(RuntimeEnvironment.java:75)
        at org.robolectric.android.internal.AndroidTestEnvironment.setUpApplicationState(AndroidTestEnvironment.java:248)
        at org.robolectric.RobolectricTestRunner.beforeTest(RobolectricTestRunner.java:283)
        at org.robolectric.internal.SandboxTestRunner$2.lambda$evaluate$2(SandboxTestRunner.java:285)
        at org.robolectric.internal.bytecode.Sandbox.lambda$runOnMainThread$0(Sandbox.java:104)
        at java.base/java.util.concurrent.FutureTask.run(Unknown Source)
        at java.base/java.util.concurrent.ThreadPoolExecutor.runWorker(Unknown Source)
        at java.base/java.util.concurrent.ThreadPoolExecutor$Worker.run(Unknown Source)
        at java.base/java.lang.Thread.run(Unknown Source)

        Caused by:
        java.util.concurrent.ExecutionException: java.net.SocketException: Connection reset
            at com.google.common.util.concurrent.AbstractFuture.getDoneValue(AbstractFuture.java:594)
            at com.google.common.util.concurrent.AbstractFuture.get(AbstractFuture.java:573)
            at com.google.common.util.concurrent.AbstractFuture$TrustedFuture.get(AbstractFuture.java:110)
            at org.robolectric.internal.dependency.MavenArtifactFetcher.fetchArtifact(MavenArtifactFetcher.java:121)
            ... 27 more

            Caused by:
            java.net.SocketException: Connection reset
                at java.base/sun.nio.ch.NioSocketImpl.implRead(Unknown Source)
                at java.base/sun.nio.ch.NioSocketImpl.read(Unknown Source)
                at java.base/sun.nio.ch.NioSocketImpl$1.read(Unknown Source)
                at java.base/java.net.Socket$SocketInputStream.read(Unknown Source)
                at java.base/sun.security.ssl.SSLSocketInputRecord.read(Unknown Source)
                at java.base/sun.security.ssl.SSLSocketInputRecord.readFully(Unknown Source)
                at java.base/sun.security.ssl.SSLSocketInputRecord.decodeInputRecord(Unknown Source)
                at java.base/sun.security.ssl.SSLSocketInputRecord.decode(Unknown Source)
                at java.base/sun.security.ssl.SSLTransport.decode(Unknown Source)
                at java.base/sun.security.ssl.SSLSocketImpl.decode(Unknown Source)
                at java.base/sun.security.ssl.SSLSocketImpl.readApplicationRecord(Unknown Source)
                at java.base/sun.security.ssl.SSLSocketImpl$AppInputStream.read(Unknown Source)
                at java.base/java.io.BufferedInputStream.read1(Unknown Source)
                at java.base/java.io.BufferedInputStream.implRead(Unknown Source)
                at java.base/java.io.BufferedInputStream.read(Unknown Source)
                at java.base/sun.net.www.MeteredStream.read(Unknown Source)
                at java.base/java.io.FilterInputStream.read(Unknown Source)
                at java.base/sun.net.www.protocol.http.HttpURLConnection$HttpInputStream.read(Unknown Source)
                at java.base/sun.net.www.protocol.http.HttpURLConnection$HttpInputStream.read(Unknown Source)
                at com.google.common.io.ByteStreams.copy(ByteStreams.java:118)
                at org.robolectric.internal.dependency.MavenArtifactFetcher$FetchToFileTask.call(MavenArtifactFetcher.java:252)
                at com.google.common.util.concurrent.TrustedListenableFutureTask$TrustedFutureInterruptibleAsyncTask.runInterruptibly(TrustedListenableFutureTask.java:167)
                at com.google.common.util.concurrent.TrustedListenableFutureTask$TrustedFutureInterruptibleAsyncTask.runInterruptibly(TrustedListenableFutureTask.java:150)
                at com.google.common.util.concurrent.InterruptibleTask.run(InterruptibleTask.java:76)
                at com.google.common.util.concurrent.TrustedListenableFutureTask.run(TrustedListenableFutureTask.java:82)
                ... 3 more

KeystoreManagerPinTest > isLegacyPinHash returns false for new hashes STANDARD_ERROR
    ERROR: Failed to fetch maven artifact org.robolectric:android-all-instrumented:14-robolectric-10818077-i6
    java.util.concurrent.ExecutionException: java.net.SocketException: Connection reset
    	at com.google.common.util.concurrent.AbstractFuture.getDoneValue(AbstractFuture.java:594)
    	at com.google.common.util.concurrent.AbstractFuture.get(AbstractFuture.java:573)
    	at com.google.common.util.concurrent.AbstractFuture$TrustedFuture.get(AbstractFuture.java:110)
    	at org.robolectric.internal.dependency.MavenArtifactFetcher.fetchArtifact(MavenArtifactFetcher.java:121)
    	at org.robolectric.internal.dependency.MavenDependencyResolver.lambda$getLocalArtifactUrls$0(MavenDependencyResolver.java:94)
    	at org.robolectric.internal.dependency.MavenDependencyResolver.whileLocked(MavenDependencyResolver.java:114)
    	at org.robolectric.internal.dependency.MavenDependencyResolver.getLocalArtifactUrls(MavenDependencyResolver.java:89)
    	at org.robolectric.internal.dependency.MavenDependencyResolver.getLocalArtifactUrls(MavenDependencyResolver.java:78)
    	at org.robolectric.internal.dependency.MavenDependencyResolver.getLocalArtifactUrl(MavenDependencyResolver.java:130)
    	at org.robolectric.plugins.LegacyDependencyResolver.getLocalArtifactUrl(LegacyDependencyResolver.java:95)
    	at org.robolectric.plugins.DefaultSdkProvider$DefaultSdk.getJarPath(DefaultSdkProvider.java:141)
    	at org.robolectric.android.internal.AndroidTestEnvironment.loadAppPackage_measured(AndroidTestEnvironment.java:418)
    	at org.robolectric.android.internal.AndroidTestEnvironment.lambda$loadAppPackage$3(AndroidTestEnvironment.java:411)
    	at org.robolectric.util.PerfStatsCollector.measure(PerfStatsCollector.java:51)
    	at org.robolectric.android.internal.AndroidTestEnvironment.loadAppPackage(AndroidTestEnvironment.java:411)
    	at org.robolectric.android.internal.AndroidTestEnvironment.installAndCreateApplication(AndroidTestEnvironment.java:304)
    	at org.robolectric.android.internal.AndroidTestEnvironment.lambda$createApplicationSupplier$0(AndroidTestEnvironment.java:280)
    	at org.robolectric.util.PerfStatsCollector.measure(PerfStatsCollector.java:51)
    	at org.robolectric.android.internal.AndroidTestEnvironment.lambda$createApplicationSupplier$1(AndroidTestEnvironment.java:277)
    	at com.google.common.base.Suppliers$NonSerializableMemoizingSupplier.get(Suppliers.java:186)
    	at org.robolectric.RuntimeEnvironment.lambda$getApplication$0(RuntimeEnvironment.java:75)
    	at org.robolectric.shadows.ShadowInstrumentation.runOnMainSyncNoIdle(ShadowInstrumentation.java:1190)
    	at org.robolectric.RuntimeEnvironment.getApplication(RuntimeEnvironment.java:75)
    	at org.robolectric.android.internal.AndroidTestEnvironment.setUpApplicationState(AndroidTestEnvironment.java:248)
    	at org.robolectric.RobolectricTestRunner.beforeTest(RobolectricTestRunner.java:283)
    	at org.robolectric.internal.SandboxTestRunner$2.lambda$evaluate$2(SandboxTestRunner.java:285)
    	at org.robolectric.internal.bytecode.Sandbox.lambda$runOnMainThread$0(Sandbox.java:104)
    	at java.base/java.util.concurrent.FutureTask.run(Unknown Source)
    	at java.base/java.util.concurrent.ThreadPoolExecutor.runWorker(Unknown Source)
    	at java.base/java.util.concurrent.ThreadPoolExecutor$Worker.run(Unknown Source)
    	at java.base/java.lang.Thread.run(Unknown Source)
    Caused by: java.net.SocketException: Connection reset
    	at java.base/sun.nio.ch.NioSocketImpl.implRead(Unknown Source)
    	at java.base/sun.nio.ch.NioSocketImpl.read(Unknown Source)
    	at java.base/sun.nio.ch.NioSocketImpl$1.read(Unknown Source)
    	at java.base/java.net.Socket$SocketInputStream.read(Unknown Source)
    	at java.base/sun.security.ssl.SSLSocketInputRecord.read(Unknown Source)
    	at java.base/sun.security.ssl.SSLSocketInputRecord.readFully(Unknown Source)
    	at java.base/sun.security.ssl.SSLSocketInputRecord.decodeInputRecord(Unknown Source)
    	at java.base/sun.security.ssl.SSLSocketInputRecord.decode(Unknown Source)
    	at java.base/sun.security.ssl.SSLTransport.decode(Unknown Source)
    	at java.base/sun.security.ssl.SSLSocketImpl.decode(Unknown Source)
    	at java.base/sun.security.ssl.SSLSocketImpl.readApplicationRecord(Unknown Source)
    	at java.base/sun.security.ssl.SSLSocketImpl$AppInputStream.read(Unknown Source)
    	at java.base/java.io.BufferedInputStream.read1(Unknown Source)
    	at java.base/java.io.BufferedInputStream.implRead(Unknown Source)
    	at java.base/java.io.BufferedInputStream.read(Unknown Source)
    	at java.base/sun.net.www.MeteredStream.read(Unknown Source)
    	at java.base/java.io.FilterInputStream.read(Unknown Source)
    	at java.base/sun.net.www.protocol.http.HttpURLConnection$HttpInputStream.read(Unknown Source)
    	at java.base/sun.net.www.protocol.http.HttpURLConnection$HttpInputStream.read(Unknown Source)
    	at com.google.common.io.ByteStreams.copy(ByteStreams.java:118)
    	at org.robolectric.internal.dependency.MavenArtifactFetcher$FetchToFileTask.call(MavenArtifactFetcher.java:252)
    	at com.google.common.util.concurrent.TrustedListenableFutureTask$TrustedFutureInterruptibleAsyncTask.runInterruptibly(TrustedListenableFutureTask.java:167)
    	at com.google.common.util.concurrent.TrustedListenableFutureTask$TrustedFutureInterruptibleAsyncTask.runInterruptibly(TrustedListenableFutureTask.java:150)
    	at com.google.common.util.concurrent.InterruptibleTask.run(InterruptibleTask.java:76)
    	at com.google.common.util.concurrent.TrustedListenableFutureTask.run(TrustedListenableFutureTask.java:82)
    	... 3 more

KeystoreManagerPinTest > isLegacyPinHash returns false for new hashes FAILED
    java.lang.AssertionError: Failed to fetch maven artifact org.robolectric:android-all-instrumented:14-robolectric-10818077-i6
        at org.robolectric.internal.dependency.MavenArtifactFetcher.fetchArtifact(MavenArtifactFetcher.java:129)
        at org.robolectric.internal.dependency.MavenDependencyResolver.lambda$getLocalArtifactUrls$0(MavenDependencyResolver.java:94)
        at org.robolectric.internal.dependency.MavenDependencyResolver.whileLocked(MavenDependencyResolver.java:114)
        at org.robolectric.internal.dependency.MavenDependencyResolver.getLocalArtifactUrls(MavenDependencyResolver.java:89)
        at org.robolectric.internal.dependency.MavenDependencyResolver.getLocalArtifactUrls(MavenDependencyResolver.java:78)
        at org.robolectric.internal.dependency.MavenDependencyResolver.getLocalArtifactUrl(MavenDependencyResolver.java:130)
        at org.robolectric.plugins.LegacyDependencyResolver.getLocalArtifactUrl(LegacyDependencyResolver.java:95)
        at org.robolectric.plugins.DefaultSdkProvider$DefaultSdk.getJarPath(DefaultSdkProvider.java:141)
        at org.robolectric.android.internal.AndroidTestEnvironment.loadAppPackage_measured(AndroidTestEnvironment.java:418)
        at org.robolectric.android.internal.AndroidTestEnvironment.lambda$loadAppPackage$3(AndroidTestEnvironment.java:411)
        at org.robolectric.util.PerfStatsCollector.measure(PerfStatsCollector.java:51)
        at org.robolectric.android.internal.AndroidTestEnvironment.loadAppPackage(AndroidTestEnvironment.java:411)
        at org.robolectric.android.internal.AndroidTestEnvironment.installAndCreateApplication(AndroidTestEnvironment.java:304)
        at org.robolectric.android.internal.AndroidTestEnvironment.lambda$createApplicationSupplier$0(AndroidTestEnvironment.java:280)
        at org.robolectric.util.PerfStatsCollector.measure(PerfStatsCollector.java:51)
        at org.robolectric.android.internal.AndroidTestEnvironment.lambda$createApplicationSupplier$1(AndroidTestEnvironment.java:277)
        at com.google.common.base.Suppliers$NonSerializableMemoizingSupplier.get(Suppliers.java:186)
        at org.robolectric.RuntimeEnvironment.lambda$getApplication$0(RuntimeEnvironment.java:75)
        at org.robolectric.shadows.ShadowInstrumentation.runOnMainSyncNoIdle(ShadowInstrumentation.java:1190)
        at org.robolectric.RuntimeEnvironment.getApplication(RuntimeEnvironment.java:75)
        at org.robolectric.android.internal.AndroidTestEnvironment.setUpApplicationState(AndroidTestEnvironment.java:248)
        at org.robolectric.RobolectricTestRunner.beforeTest(RobolectricTestRunner.java:283)
        at org.robolectric.internal.SandboxTestRunner$2.lambda$evaluate$2(SandboxTestRunner.java:285)
        at org.robolectric.internal.bytecode.Sandbox.lambda$runOnMainThread$0(Sandbox.java:104)
        at java.base/java.util.concurrent.FutureTask.run(Unknown Source)
        at java.base/java.util.concurrent.ThreadPoolExecutor.runWorker(Unknown Source)
        at java.base/java.util.concurrent.ThreadPoolExecutor$Worker.run(Unknown Source)
        at java.base/java.lang.Thread.run(Unknown Source)

        Caused by:
        java.util.concurrent.ExecutionException: java.net.SocketException: Connection reset
            at com.google.common.util.concurrent.AbstractFuture.getDoneValue(AbstractFuture.java:594)
            at com.google.common.util.concurrent.AbstractFuture.get(AbstractFuture.java:573)
            at com.google.common.util.concurrent.AbstractFuture$TrustedFuture.get(AbstractFuture.java:110)
            at org.robolectric.internal.dependency.MavenArtifactFetcher.fetchArtifact(MavenArtifactFetcher.java:121)
            ... 27 more

            Caused by:
            java.net.SocketException: Connection reset
                at java.base/sun.nio.ch.NioSocketImpl.implRead(Unknown Source)
                at java.base/sun.nio.ch.NioSocketImpl.read(Unknown Source)
                at java.base/sun.nio.ch.NioSocketImpl$1.read(Unknown Source)
                at java.base/java.net.Socket$SocketInputStream.read(Unknown Source)
                at java.base/sun.security.ssl.SSLSocketInputRecord.read(Unknown Source)
                at java.base/sun.security.ssl.SSLSocketInputRecord.readFully(Unknown Source)
                at java.base/sun.security.ssl.SSLSocketInputRecord.decodeInputRecord(Unknown Source)
                at java.base/sun.security.ssl.SSLSocketInputRecord.decode(Unknown Source)
                at java.base/sun.security.ssl.SSLTransport.decode(Unknown Source)
                at java.base/sun.security.ssl.SSLSocketImpl.decode(Unknown Source)
                at java.base/sun.security.ssl.SSLSocketImpl.readApplicationRecord(Unknown Source)
                at java.base/sun.security.ssl.SSLSocketImpl$AppInputStream.read(Unknown Source)
                at java.base/java.io.BufferedInputStream.read1(Unknown Source)
                at java.base/java.io.BufferedInputStream.implRead(Unknown Source)
                at java.base/java.io.BufferedInputStream.read(Unknown Source)
                at java.base/sun.net.www.MeteredStream.read(Unknown Source)
                at java.base/java.io.FilterInputStream.read(Unknown Source)
                at java.base/sun.net.www.protocol.http.HttpURLConnection$HttpInputStream.read(Unknown Source)
                at java.base/sun.net.www.protocol.http.HttpURLConnection$HttpInputStream.read(Unknown Source)
                at com.google.common.io.ByteStreams.copy(ByteStreams.java:118)
                at org.robolectric.internal.dependency.MavenArtifactFetcher$FetchToFileTask.call(MavenArtifactFetcher.java:252)
                at com.google.common.util.concurrent.TrustedListenableFutureTask$TrustedFutureInterruptibleAsyncTask.runInterruptibly(TrustedListenableFutureTask.java:167)
                at com.google.common.util.concurrent.TrustedListenableFutureTask$TrustedFutureInterruptibleAsyncTask.runInterruptibly(TrustedListenableFutureTask.java:150)
                at com.google.common.util.concurrent.InterruptibleTask.run(InterruptibleTask.java:76)
                at com.google.common.util.concurrent.TrustedListenableFutureTask.run(TrustedListenableFutureTask.java:82)
                ... 3 more

Gradle Test Executor 1 finished executing tests.

> Task :app:testStandardDebugUnitTest
.\gradlew.bat : 
At line:1 char:1
+ .\gradlew.bat :app:testStandardDebugUnitTest --stacktrace --info > te ...
+ ~~~~~~~~~~~~~~~~~~~~~~~~~~~~~~~~~~~~~~~~~~~~~~~~~~~~~~~~~~~~~~~~~~~~~
    + CategoryInfo          : NotSpecified: (:String) [], RemoteException
    + FullyQualifiedErrorId : NativeCommandError
 
87 tests completed, 5 failed
Finished generating test XML results (0.014 secs) into: C:\Users\steve\guardian-angel\app\build\test-results\testStandardDebugUnitTest
Generating HTML test report...
Finished generating test html results (0.029 secs) into: C:\Users\steve\guardian-angel\app\build\reports\tests\testStandardDebugUnitTest

> Task :app:testStandardDebugUnitTest FAILED

FAILURE: Build failed with an exception.

* What went wrong:
Execution failed for task ':app:testStandardDebugUnitTest'.
> There were failing tests. See the report at: 
file:///C:/Users/steve/guardian-angel/app/build/reports/tests/testStandardDebugUnitTest/index.html

* Try:
> Run with --scan to get full insights.

* Exception is:
org.gradle.api.tasks.TaskExecutionException: Execution failed for task ':app:testStandardDebugUnitTest'.
	at org.gradle.api.internal.tasks.execution.ExecuteActionsTaskExecuter.lambda$executeIfValid$1(ExecuteActionsTaskExecut
er.java:130)
	at org.gradle.internal.Try$Failure.ifSuccessfulOrElse(Try.java:293)
	at 
org.gradle.api.internal.tasks.execution.ExecuteActionsTaskExecuter.executeIfValid(ExecuteActionsTaskExecuter.java:128)
	at org.gradle.api.internal.tasks.execution.ExecuteActionsTaskExecuter.execute(ExecuteActionsTaskExecuter.java:116)
	at org.gradle.api.internal.tasks.execution.ProblemsTaskPathTrackingTaskExecuter.execute(ProblemsTaskPathTrackingTaskEx
ecuter.java:40)
	at 
org.gradle.api.internal.tasks.execution.FinalizePropertiesTaskExecuter.execute(FinalizePropertiesTaskExecuter.java:46)
	at org.gradle.api.internal.tasks.execution.ResolveTaskExecutionModeExecuter.execute(ResolveTaskExecutionModeExecuter.j
ava:51)
	at 
org.gradle.api.internal.tasks.execution.SkipTaskWithNoActionsExecuter.execute(SkipTaskWithNoActionsExecuter.java:57)
	at org.gradle.api.internal.tasks.execution.SkipOnlyIfTaskExecuter.execute(SkipOnlyIfTaskExecuter.java:74)
	at org.gradle.api.internal.tasks.execution.CatchExceptionTaskExecuter.execute(CatchExceptionTaskExecuter.java:36)
	at org.gradle.api.internal.tasks.execution.EventFiringTaskExecuter$1.executeTask(EventFiringTaskExecuter.java:77)
	at org.gradle.api.internal.tasks.execution.EventFiringTaskExecuter$1.call(EventFiringTaskExecuter.java:55)
	at org.gradle.api.internal.tasks.execution.EventFiringTaskExecuter$1.call(EventFiringTaskExecuter.java:52)
	at org.gradle.internal.operations.DefaultBuildOperationRunner$CallableBuildOperationWorker.execute(DefaultBuildOperati
onRunner.java:210)
	at org.gradle.internal.operations.DefaultBuildOperationRunner$CallableBuildOperationWorker.execute(DefaultBuildOperati
onRunner.java:205)
	at org.gradle.internal.operations.DefaultBuildOperationRunner$2.execute(DefaultBuildOperationRunner.java:67)
	at org.gradle.internal.operations.DefaultBuildOperationRunner$2.execute(DefaultBuildOperationRunner.java:60)
	at org.gradle.internal.operations.DefaultBuildOperationRunner.execute(DefaultBuildOperationRunner.java:167)
	at org.gradle.internal.operations.DefaultBuildOperationRunner.execute(DefaultBuildOperationRunner.java:60)
	at org.gradle.internal.operations.DefaultBuildOperationRunner.call(DefaultBuildOperationRunner.java:54)
	at org.gradle.api.internal.tasks.execution.EventFiringTaskExecuter.execute(EventFiringTaskExecuter.java:52)
	at org.gradle.execution.plan.LocalTaskNodeExecutor.execute(LocalTaskNodeExecutor.java:42)
	at org.gradle.execution.taskgraph.DefaultTaskExecutionGraph$InvokeNodeExecutorsAction.execute(DefaultTaskExecutionGrap
h.java:331)
	at org.gradle.execution.taskgraph.DefaultTaskExecutionGraph$InvokeNodeExecutorsAction.execute(DefaultTaskExecutionGrap
h.java:318)
	at org.gradle.execution.taskgraph.DefaultTaskExecutionGraph$BuildOperationAwareExecutionAction.lambda$execute$0(Defaul
tTaskExecutionGraph.java:314)
	at org.gradle.internal.operations.CurrentBuildOperationRef.with(CurrentBuildOperationRef.java:85)
	at org.gradle.execution.taskgraph.DefaultTaskExecutionGraph$BuildOperationAwareExecutionAction.execute(DefaultTaskExec
utionGraph.java:314)
	at org.gradle.execution.taskgraph.DefaultTaskExecutionGraph$BuildOperationAwareExecutionAction.execute(DefaultTaskExec
utionGraph.java:303)
	at org.gradle.execution.plan.DefaultPlanExecutor$ExecutorWorker.execute(DefaultPlanExecutor.java:459)
	at org.gradle.execution.plan.DefaultPlanExecutor$ExecutorWorker.run(DefaultPlanExecutor.java:376)
	at org.gradle.internal.concurrent.ExecutorPolicy$CatchAndRecordFailures.onExecute(ExecutorPolicy.java:64)
	at org.gradle.internal.concurrent.AbstractManagedExecutor$1.run(AbstractManagedExecutor.java:48)
Caused by: org.gradle.api.internal.exceptions.MarkedVerificationException: There were failing tests. See the report 
at: file:///C:/Users/steve/guardian-angel/app/build/reports/tests/testStandardDebugUnitTest/index.html
	at org.gradle.api.tasks.testing.AbstractTestTask.handleTestFailures(AbstractTestTask.java:714)
	at org.gradle.api.tasks.testing.AbstractTestTask.handleCollectedResults(AbstractTestTask.java:545)
	at org.gradle.api.tasks.testing.AbstractTestTask.executeTests(AbstractTestTask.java:540)
	at org.gradle.api.tasks.testing.Test.executeTests(Test.java:719)
	at com.android.build.gradle.tasks.factory.AndroidUnitTest.executeTests(AndroidUnitTest.java:172)
	at java.base/jdk.internal.reflect.DirectMethodHandleAccessor.invoke(Unknown Source)
	at org.gradle.internal.reflect.JavaMethod.invoke(JavaMethod.java:125)
	at org.gradle.api.internal.project.taskfactory.StandardTaskAction.doExecute(StandardTaskAction.java:58)
	at org.gradle.api.internal.project.taskfactory.StandardTaskAction.execute(StandardTaskAction.java:51)
	at org.gradle.api.internal.project.taskfactory.StandardTaskAction.execute(StandardTaskAction.java:29)
	at org.gradle.api.internal.tasks.execution.TaskExecution$3.run(TaskExecution.java:244)
	at org.gradle.internal.operations.DefaultBuildOperationRunner$1.execute(DefaultBuildOperationRunner.java:30)
	at org.gradle.internal.operations.DefaultBuildOperationRunner$1.execute(DefaultBuildOperationRunner.java:27)
	at org.gradle.internal.operations.DefaultBuildOperationRunner$2.execute(DefaultBuildOperationRunner.java:67)
	at org.gradle.internal.operations.DefaultBuildOperationRunner$2.execute(DefaultBuildOperationRunner.java:60)
	at org.gradle.internal.operations.DefaultBuildOperationRunner.execute(DefaultBuildOperationRunner.java:167)
	at org.gradle.internal.operations.DefaultBuildOperationRunner.execute(DefaultBuildOperationRunner.java:60)
	at org.gradle.internal.operations.DefaultBuildOperationRunner.run(DefaultBuildOperationRunner.java:48)
	at org.gradle.api.internal.tasks.execution.TaskExecution.executeAction(TaskExecution.java:229)
	at org.gradle.api.internal.tasks.execution.TaskExecution.executeActions(TaskExecution.java:212)
	at org.gradle.api.internal.tasks.execution.TaskExecution.executeWithPreviousOutputFiles(TaskExecution.java:195)
	at org.gradle.api.internal.tasks.execution.TaskExecution.execute(TaskExecution.java:162)
	at org.gradle.internal.execution.steps.ExecuteStep.executeInternal(ExecuteStep.java:105)
	at org.gradle.internal.execution.steps.ExecuteStep.access$000(ExecuteStep.java:44)
	at org.gradle.internal.execution.steps.ExecuteStep$1.call(ExecuteStep.java:59)
	at org.gradle.internal.execution.steps.ExecuteStep$1.call(ExecuteStep.java:56)
	at org.gradle.internal.operations.DefaultBuildOperationRunner$CallableBuildOperationWorker.execute(DefaultBuildOperati
onRunner.java:210)
	at org.gradle.internal.operations.DefaultBuildOperationRunner$CallableBuildOperationWorker.execute(DefaultBuildOperati
onRunner.java:205)
	at org.gradle.internal.operations.DefaultBuildOperationRunner$2.execute(DefaultBuildOperationRunner.java:67)
	at org.gradle.internal.operations.DefaultBuildOperationRunner$2.execute(DefaultBuildOperationRunner.java:60)
	at org.gradle.internal.operations.DefaultBuildOperationRunner.execute(DefaultBuildOperationRunner.java:167)
	at org.gradle.internal.operations.DefaultBuildOperationRunner.execute(DefaultBuildOperationRunner.java:60)
	at org.gradle.internal.operations.DefaultBuildOperationRunner.call(DefaultBuildOperationRunner.java:54)
	at org.gradle.internal.execution.steps.ExecuteStep.execute(ExecuteStep.java:56)
	at org.gradle.internal.execution.steps.ExecuteStep.execute(ExecuteStep.java:44)
	at org.gradle.internal.execution.steps.CancelExecutionStep.execute(CancelExecutionStep.java:42)
	at org.gradle.internal.execution.steps.TimeoutStep.executeWithoutTimeout(TimeoutStep.java:75)
	at org.gradle.internal.execution.steps.TimeoutStep.execute(TimeoutStep.java:55)
	at org.gradle.internal.execution.steps.PreCreateOutputParentsStep.execute(PreCreateOutputParentsStep.java:50)
	at org.gradle.internal.execution.steps.PreCreateOutputParentsStep.execute(PreCreateOutputParentsStep.java:28)
	at org.gradle.internal.execution.steps.RemovePreviousOutputsStep.execute(RemovePreviousOutputsStep.java:67)
	at org.gradle.internal.execution.steps.RemovePreviousOutputsStep.execute(RemovePreviousOutputsStep.java:37)
	at org.gradle.internal.execution.steps.BroadcastChangingOutputsStep.execute(BroadcastChangingOutputsStep.java:61)
	at org.gradle.internal.execution.steps.BroadcastChangingOutputsStep.execute(BroadcastChangingOutputsStep.java:26)
	at 
org.gradle.internal.execution.steps.CaptureOutputsAfterExecutionStep.execute(CaptureOutputsAfterExecutionStep.java:69)
	at 
org.gradle.internal.execution.steps.CaptureOutputsAfterExecutionStep.execute(CaptureOutputsAfterExecutionStep.java:46)
	at org.gradle.internal.execution.steps.ResolveInputChangesStep.execute(ResolveInputChangesStep.java:40)
	at org.gradle.internal.execution.steps.ResolveInputChangesStep.execute(ResolveInputChangesStep.java:29)
	at org.gradle.internal.execution.steps.BuildCacheStep.executeWithoutCache(BuildCacheStep.java:189)
	at org.gradle.internal.execution.steps.BuildCacheStep.executeAndStoreInCache(BuildCacheStep.java:145)
	at org.gradle.internal.execution.steps.BuildCacheStep.lambda$executeWithCache$4(BuildCacheStep.java:101)
	at org.gradle.internal.execution.steps.BuildCacheStep.lambda$executeWithCache$5(BuildCacheStep.java:101)
	at org.gradle.internal.Try$Success.map(Try.java:175)
	at org.gradle.internal.execution.steps.BuildCacheStep.executeWithCache(BuildCacheStep.java:85)
	at org.gradle.internal.execution.steps.BuildCacheStep.lambda$execute$0(BuildCacheStep.java:74)
	at org.gradle.internal.Either$Left.fold(Either.java:115)
	at org.gradle.internal.execution.caching.CachingState.fold(CachingState.java:62)
	at org.gradle.internal.execution.steps.BuildCacheStep.execute(BuildCacheStep.java:73)
	at org.gradle.internal.execution.steps.BuildCacheStep.execute(BuildCacheStep.java:48)
	at org.gradle.internal.execution.steps.StoreExecutionStateStep.execute(StoreExecutionStateStep.java:46)
	at org.gradle.internal.execution.steps.StoreExecutionStateStep.execute(StoreExecutionStateStep.java:35)
	at org.gradle.internal.execution.steps.SkipUpToDateStep.executeBecause(SkipUpToDateStep.java:75)
	at org.gradle.internal.execution.steps.SkipUpToDateStep.lambda$execute$2(SkipUpToDateStep.java:53)
	at org.gradle.internal.execution.steps.SkipUpToDateStep.execute(SkipUpToDateStep.java:53)
	at org.gradle.internal.execution.steps.SkipUpToDateStep.execute(SkipUpToDateStep.java:35)
	at org.gradle.internal.execution.steps.legacy.MarkSnapshottingInputsFinishedStep.execute(MarkSnapshottingInputsFinishe
dStep.java:37)
	at org.gradle.internal.execution.steps.legacy.MarkSnapshottingInputsFinishedStep.execute(MarkSnapshottingInputsFinishe
dStep.java:27)
	at org.gradle.internal.execution.steps.ResolveIncrementalCachingStateStep.executeDelegate(ResolveIncrementalCachingSta
teStep.java:49)
	at org.gradle.internal.execution.steps.ResolveIncrementalCachingStateStep.executeDelegate(ResolveIncrementalCachingSta
teStep.java:27)
	at 
org.gradle.internal.execution.steps.AbstractResolveCachingStateStep.execute(AbstractResolveCachingStateStep.java:71)
	at 
org.gradle.internal.execution.steps.AbstractResolveCachingStateStep.execute(AbstractResolveCachingStateStep.java:39)
	at org.gradle.internal.execution.steps.ResolveChangesStep.execute(ResolveChangesStep.java:65)
	at org.gradle.internal.execution.steps.ResolveChangesStep.execute(ResolveChangesStep.java:36)
	at org.gradle.internal.execution.steps.ValidateStep.execute(ValidateStep.java:107)
	at org.gradle.internal.execution.steps.ValidateStep.execute(ValidateStep.java:56)
	at org.gradle.internal.execution.steps.AbstractCaptureStateBeforeExecutionStep.execute(AbstractCaptureStateBeforeExecu
tionStep.java:64)
	at org.gradle.internal.execution.steps.AbstractCaptureStateBeforeExecutionStep.execute(AbstractCaptureStateBeforeExecu
tionStep.java:43)
	at org.gradle.internal.execution.steps.AbstractSkipEmptyWorkStep.executeWithNonEmptySources(AbstractSkipEmptyWorkStep.
java:125)
	at org.gradle.internal.execution.steps.AbstractSkipEmptyWorkStep.execute(AbstractSkipEmptyWorkStep.java:61)
	at org.gradle.internal.execution.steps.AbstractSkipEmptyWorkStep.execute(AbstractSkipEmptyWorkStep.java:36)
	at org.gradle.internal.execution.steps.legacy.MarkSnapshottingInputsStartedStep.execute(MarkSnapshottingInputsStartedS
tep.java:38)
	at org.gradle.internal.execution.steps.LoadPreviousExecutionStateStep.execute(LoadPreviousExecutionStateStep.java:36)
	at org.gradle.internal.execution.steps.LoadPreviousExecutionStateStep.execute(LoadPreviousExecutionStateStep.java:23)
	at org.gradle.internal.execution.steps.HandleStaleOutputsStep.execute(HandleStaleOutputsStep.java:75)
	at org.gradle.internal.execution.steps.HandleStaleOutputsStep.execute(HandleStaleOutputsStep.java:41)
	at org.gradle.internal.execution.steps.AssignMutableWorkspaceStep.lambda$execute$0(AssignMutableWorkspaceStep.java:35)
	at org.gradle.api.internal.tasks.execution.TaskExecution$4.withWorkspace(TaskExecution.java:289)
	at org.gradle.internal.execution.steps.AssignMutableWorkspaceStep.execute(AssignMutableWorkspaceStep.java:31)
	at org.gradle.internal.execution.steps.AssignMutableWorkspaceStep.execute(AssignMutableWorkspaceStep.java:22)
	at org.gradle.internal.execution.steps.ChoosePipelineStep.execute(ChoosePipelineStep.java:40)
	at org.gradle.internal.execution.steps.ChoosePipelineStep.execute(ChoosePipelineStep.java:23)
	at org.gradle.internal.execution.steps.ExecuteWorkBuildOperationFiringStep.lambda$execute$2(ExecuteWorkBuildOperationF
iringStep.java:67)
	at org.gradle.internal.execution.steps.ExecuteWorkBuildOperationFiringStep.execute(ExecuteWorkBuildOperationFiringStep
.java:67)
	at org.gradle.internal.execution.steps.ExecuteWorkBuildOperationFiringStep.execute(ExecuteWorkBuildOperationFiringStep
.java:39)
	at org.gradle.internal.execution.steps.IdentityCacheStep.execute(IdentityCacheStep.java:46)
	at org.gradle.internal.execution.steps.IdentityCacheStep.execute(IdentityCacheStep.java:34)
	at org.gradle.internal.execution.steps.IdentifyStep.execute(IdentifyStep.java:48)
	at org.gradle.internal.execution.steps.IdentifyStep.execute(IdentifyStep.java:35)
	at org.gradle.internal.execution.impl.DefaultExecutionEngine$1.execute(DefaultExecutionEngine.java:61)
34 actionable tasks: 5 executed, 29 up-to-date
Watched directory hierarchies: [C:\Users\steve\guardian-angel]
	at 
org.gradle.api.internal.tasks.execution.ExecuteActionsTaskExecuter.executeIfValid(ExecuteActionsTaskExecuter.java:127)
	at org.gradle.api.internal.tasks.execution.ExecuteActionsTaskExecuter.execute(ExecuteActionsTaskExecuter.java:116)
	at org.gradle.api.internal.tasks.execution.ProblemsTaskPathTrackingTaskExecuter.execute(ProblemsTaskPathTrackingTaskEx
ecuter.java:40)
	at 
org.gradle.api.internal.tasks.execution.FinalizePropertiesTaskExecuter.execute(FinalizePropertiesTaskExecuter.java:46)
	at org.gradle.api.internal.tasks.execution.ResolveTaskExecutionModeExecuter.execute(ResolveTaskExecutionModeExecuter.j
ava:51)
	at 
org.gradle.api.internal.tasks.execution.SkipTaskWithNoActionsExecuter.execute(SkipTaskWithNoActionsExecuter.java:57)
	at org.gradle.api.internal.tasks.execution.SkipOnlyIfTaskExecuter.execute(SkipOnlyIfTaskExecuter.java:74)
	at org.gradle.api.internal.tasks.execution.CatchExceptionTaskExecuter.execute(CatchExceptionTaskExecuter.java:36)
	at org.gradle.api.internal.tasks.execution.EventFiringTaskExecuter$1.executeTask(EventFiringTaskExecuter.java:77)
	at org.gradle.api.internal.tasks.execution.EventFiringTaskExecuter$1.call(EventFiringTaskExecuter.java:55)
	at org.gradle.api.internal.tasks.execution.EventFiringTaskExecuter$1.call(EventFiringTaskExecuter.java:52)
	at org.gradle.internal.operations.DefaultBuildOperationRunner$CallableBuildOperationWorker.execute(DefaultBuildOperati
onRunner.java:210)
	at org.gradle.internal.operations.DefaultBuildOperationRunner$CallableBuildOperationWorker.execute(DefaultBuildOperati
onRunner.java:205)
	at org.gradle.internal.operations.DefaultBuildOperationRunner$2.execute(DefaultBuildOperationRunner.java:67)
	at org.gradle.internal.operations.DefaultBuildOperationRunner$2.execute(DefaultBuildOperationRunner.java:60)
	at org.gradle.internal.operations.DefaultBuildOperationRunner.execute(DefaultBuildOperationRunner.java:167)
	at org.gradle.internal.operations.DefaultBuildOperationRunner.execute(DefaultBuildOperationRunner.java:60)
	at org.gradle.internal.operations.DefaultBuildOperationRunner.call(DefaultBuildOperationRunner.java:54)
	at org.gradle.api.internal.tasks.execution.EventFiringTaskExecuter.execute(EventFiringTaskExecuter.java:52)
	at org.gradle.execution.plan.LocalTaskNodeExecutor.execute(LocalTaskNodeExecutor.java:42)
	at org.gradle.execution.taskgraph.DefaultTaskExecutionGraph$InvokeNodeExecutorsAction.execute(DefaultTaskExecutionGrap
h.java:331)
	at org.gradle.execution.taskgraph.DefaultTaskExecutionGraph$InvokeNodeExecutorsAction.execute(DefaultTaskExecutionGrap
h.java:318)
	at org.gradle.execution.taskgraph.DefaultTaskExecutionGraph$BuildOperationAwareExecutionAction.lambda$execute$0(Defaul
tTaskExecutionGraph.java:314)
	at org.gradle.internal.operations.CurrentBuildOperationRef.with(CurrentBuildOperationRef.java:85)
	at org.gradle.execution.taskgraph.DefaultTaskExecutionGraph$BuildOperationAwareExecutionAction.execute(DefaultTaskExec
utionGraph.java:314)
	at org.gradle.execution.taskgraph.DefaultTaskExecutionGraph$BuildOperationAwareExecutionAction.execute(DefaultTaskExec
utionGraph.java:303)
	at org.gradle.execution.plan.DefaultPlanExecutor$ExecutorWorker.execute(DefaultPlanExecutor.java:459)
	at org.gradle.execution.plan.DefaultPlanExecutor$ExecutorWorker.run(DefaultPlanExecutor.java:376)
	at org.gradle.internal.concurrent.ExecutorPolicy$CatchAndRecordFailures.onExecute(ExecutorPolicy.java:64)
	at org.gradle.internal.concurrent.AbstractManagedExecutor$1.run(AbstractManagedExecutor.java:48)


BUILD FAILED in 1m 19s
